GET https://adventurous-octopus-651.convex.site/api/auth/session -> 404
GET https://adventurous-octopus-651.convex.site/api/auth/get-session -> 200
POST https://adventurous-octopus-651.convex.site/api/auth/refresh-session -> 404
POST https://adventurous-octopus-651.convex.site/api/auth/session-refresh -> 404
POST https://adventurous-octopus-651.convex.site/api/auth/session/refresh -> 404
